16:05:07.863 [main] DEBUG org.apache.poi.openxml4j.opc.PackageRelationshipCollection - Parsing relationship: /_rels/.rels
16:05:07.884 [main] DEBUG org.apache.poi.openxml4j.opc.PackageRelationshipCollection - Parsing relationship: /xl/_rels/workbook.xml.rels
16:05:07.884 [main] DEBUG org.apache.poi.openxml4j.opc.PackageRelationshipCollection - Parsing relationship: /_rels/.rels
16:05:07.893 [main] DEBUG org.apache.poi.openxml4j.opc.PackageRelationshipCollection - Parsing relationship: /xl/_rels/workbook.xml.rels
16:05:07.895 [main] DEBUG org.apache.poi.openxml4j.opc.PackageRelationshipCollection - Parsing relationship: /_rels/.rels
16:05:07.902 [main] DEBUG org.apache.poi.openxml4j.opc.PackageRelationshipCollection - Parsing relationship: /xl/_rels/workbook.xml.rels
16:05:07.902 [main] DEBUG org.apache.poi.openxml4j.opc.PackageRelationshipCollection - Parsing relationship: /_rels/.rels
16:05:07.910 [main] DEBUG org.apache.poi.openxml4j.opc.PackageRelationshipCollection - Parsing relationship: /xl/_rels/workbook.xml.rels
16:05:07.911 [main] DEBUG org.apache.poi.openxml4j.opc.PackageRelationshipCollection - Parsing relationship: /_rels/.rels
16:05:07.917 [main] DEBUG org.apache.poi.openxml4j.opc.PackageRelationshipCollection - Parsing relationship: /xl/_rels/workbook.xml.rels
16:05:07.917 [main] DEBUG org.apache.poi.openxml4j.opc.PackageRelationshipCollection - Parsing relationship: /_rels/.rels
16:05:07.925 [main] DEBUG org.apache.poi.openxml4j.opc.PackageRelationshipCollection - Parsing relationship: /xl/_rels/workbook.xml.rels
16:05:07.926 [main] DEBUG org.apache.poi.openxml4j.opc.PackageRelationshipCollection - Parsing relationship: /_rels/.rels
16:05:07.933 [main] DEBUG org.apache.poi.openxml4j.opc.PackageRelationshipCollection - Parsing relationship: /xl/_rels/workbook.xml.rels
16:05:07.934 [main] DEBUG org.apache.poi.openxml4j.opc.PackageRelationshipCollection - Parsing relationship: /_rels/.rels
16:05:07.943 [main] DEBUG org.apache.poi.openxml4j.opc.PackageRelationshipCollection - Parsing relationship: /xl/_rels/workbook.xml.rels
16:05:07.944 [main] DEBUG org.apache.poi.openxml4j.opc.PackageRelationshipCollection - Parsing relationship: /_rels/.rels
16:05:07.950 [main] DEBUG org.apache.poi.openxml4j.opc.PackageRelationshipCollection - Parsing relationship: /xl/_rels/workbook.xml.rels
16:05:07.950 [main] DEBUG org.apache.poi.openxml4j.opc.PackageRelationshipCollection - Parsing relationship: /_rels/.rels
16:05:07.956 [main] DEBUG org.apache.poi.openxml4j.opc.PackageRelationshipCollection - Parsing relationship: /xl/_rels/workbook.xml.rels
16:05:07.958 [main] DEBUG org.apache.poi.openxml4j.opc.PackageRelationshipCollection - Parsing relationship: /_rels/.rels
16:05:07.965 [main] DEBUG org.apache.poi.openxml4j.opc.PackageRelationshipCollection - Parsing relationship: /xl/_rels/workbook.xml.rels
16:05:07.965 [main] DEBUG org.apache.poi.openxml4j.opc.PackageRelationshipCollection - Parsing relationship: /_rels/.rels
16:05:07.972 [main] DEBUG org.apache.poi.openxml4j.opc.PackageRelationshipCollection - Parsing relationship: /xl/_rels/workbook.xml.rels
16:05:07.972 [main] DEBUG org.apache.poi.openxml4j.opc.PackageRelationshipCollection - Parsing relationship: /_rels/.rels
16:05:07.978 [main] DEBUG org.apache.poi.openxml4j.opc.PackageRelationshipCollection - Parsing relationship: /xl/_rels/workbook.xml.rels
16:05:07.979 [main] DEBUG org.apache.poi.openxml4j.opc.PackageRelationshipCollection - Parsing relationship: /_rels/.rels
16:05:07.987 [main] DEBUG org.apache.poi.openxml4j.opc.PackageRelationshipCollection - Parsing relationship: /xl/_rels/workbook.xml.rels
16:05:07.987 [main] DEBUG org.apache.poi.openxml4j.opc.PackageRelationshipCollection - Parsing relationship: /_rels/.rels
16:05:07.999 [main] DEBUG org.apache.poi.openxml4j.opc.PackageRelationshipCollection - Parsing relationship: /xl/_rels/workbook.xml.rels
16:05:07.999 [main] DEBUG org.apache.poi.openxml4j.opc.PackageRelationshipCollection - Parsing relationship: /_rels/.rels
16:05:08.006 [main] DEBUG org.apache.poi.openxml4j.opc.PackageRelationshipCollection - Parsing relationship: /xl/_rels/workbook.xml.rels
16:05:08.007 [main] DEBUG org.apache.poi.openxml4j.opc.PackageRelationshipCollection - Parsing relationship: /_rels/.rels
16:05:08.015 [main] DEBUG org.apache.poi.openxml4j.opc.PackageRelationshipCollection - Parsing relationship: /xl/_rels/workbook.xml.rels
16:05:08.016 [main] DEBUG org.apache.poi.openxml4j.opc.PackageRelationshipCollection - Parsing relationship: /_rels/.rels
16:05:08.022 [main] DEBUG org.apache.poi.openxml4j.opc.PackageRelationshipCollection - Parsing relationship: /xl/_rels/workbook.xml.rels
16:05:08.023 [main] DEBUG org.apache.poi.openxml4j.opc.PackageRelationshipCollection - Parsing relationship: /_rels/.rels
16:05:08.030 [main] DEBUG org.apache.poi.openxml4j.opc.PackageRelationshipCollection - Parsing relationship: /xl/_rels/workbook.xml.rels
16:05:08.031 [main] DEBUG org.apache.poi.openxml4j.opc.PackageRelationshipCollection - Parsing relationship: /_rels/.rels
16:05:08.036 [main] DEBUG org.apache.poi.openxml4j.opc.PackageRelationshipCollection - Parsing relationship: /xl/_rels/workbook.xml.rels
16:05:08.036 [main] DEBUG org.apache.poi.openxml4j.opc.PackageRelationshipCollection - Parsing relationship: /_rels/.rels
16:05:08.043 [main] DEBUG org.apache.poi.openxml4j.opc.PackageRelationshipCollection - Parsing relationship: /xl/_rels/workbook.xml.rels
16:05:08.043 [main] DEBUG org.apache.poi.openxml4j.opc.PackageRelationshipCollection - Parsing relationship: /_rels/.rels
16:05:08.050 [main] DEBUG org.apache.poi.openxml4j.opc.PackageRelationshipCollection - Parsing relationship: /xl/_rels/workbook.xml.rels
16:05:08.050 [main] DEBUG org.apache.poi.openxml4j.opc.PackageRelationshipCollection - Parsing relationship: /_rels/.rels
16:05:08.055 [main] DEBUG org.apache.poi.openxml4j.opc.PackageRelationshipCollection - Parsing relationship: /xl/_rels/workbook.xml.rels
16:05:08.055 [main] DEBUG org.apache.poi.openxml4j.opc.PackageRelationshipCollection - Parsing relationship: /_rels/.rels
16:05:08.062 [main] DEBUG org.apache.poi.openxml4j.opc.PackageRelationshipCollection - Parsing relationship: /xl/_rels/workbook.xml.rels
16:05:08.063 [main] DEBUG org.apache.poi.openxml4j.opc.PackageRelationshipCollection - Parsing relationship: /_rels/.rels
16:05:08.068 [main] DEBUG org.apache.poi.openxml4j.opc.PackageRelationshipCollection - Parsing relationship: /xl/_rels/workbook.xml.rels
16:05:08.068 [main] DEBUG org.apache.poi.openxml4j.opc.PackageRelationshipCollection - Parsing relationship: /_rels/.rels
16:05:08.075 [main] DEBUG org.apache.poi.openxml4j.opc.PackageRelationshipCollection - Parsing relationship: /xl/_rels/workbook.xml.rels
16:05:08.076 [main] DEBUG org.apache.poi.openxml4j.opc.PackageRelationshipCollection - Parsing relationship: /_rels/.rels
16:05:08.083 [main] DEBUG org.apache.poi.openxml4j.opc.PackageRelationshipCollection - Parsing relationship: /xl/_rels/workbook.xml.rels
16:05:08.083 [main] DEBUG org.apache.poi.openxml4j.opc.PackageRelationshipCollection - Parsing relationship: /_rels/.rels
16:05:08.089 [main] DEBUG org.apache.poi.openxml4j.opc.PackageRelationshipCollection - Parsing relationship: /xl/_rels/workbook.xml.rels
16:05:08.089 [main] DEBUG org.apache.poi.openxml4j.opc.PackageRelationshipCollection - Parsing relationship: /_rels/.rels
16:05:08.095 [main] DEBUG org.apache.poi.openxml4j.opc.PackageRelationshipCollection - Parsing relationship: /xl/_rels/workbook.xml.rels
16:05:08.096 [main] DEBUG org.apache.poi.openxml4j.opc.PackageRelationshipCollection - Parsing relationship: /_rels/.rels
16:05:08.101 [main] DEBUG org.apache.poi.openxml4j.opc.PackageRelationshipCollection - Parsing relationship: /xl/_rels/workbook.xml.rels
16:05:08.102 [main] DEBUG org.apache.poi.openxml4j.opc.PackageRelationshipCollection - Parsing relationship: /_rels/.rels
16:05:08.109 [main] DEBUG org.apache.poi.openxml4j.opc.PackageRelationshipCollection - Parsing relationship: /xl/_rels/workbook.xml.rels
16:05:08.109 [main] DEBUG org.apache.poi.openxml4j.opc.PackageRelationshipCollection - Parsing relationship: /_rels/.rels
16:05:08.116 [main] DEBUG org.apache.poi.openxml4j.opc.PackageRelationshipCollection - Parsing relationship: /xl/_rels/workbook.xml.rels
16:05:08.116 [main] DEBUG org.apache.poi.openxml4j.opc.PackageRelationshipCollection - Parsing relationship: /_rels/.rels
16:05:08.122 [main] DEBUG org.apache.poi.openxml4j.opc.PackageRelationshipCollection - Parsing relationship: /xl/_rels/workbook.xml.rels
16:05:08.122 [main] DEBUG org.apache.poi.openxml4j.opc.PackageRelationshipCollection - Parsing relationship: /_rels/.rels
16:05:08.128 [main] DEBUG org.apache.poi.openxml4j.opc.PackageRelationshipCollection - Parsing relationship: /xl/_rels/workbook.xml.rels
16:05:08.128 [main] DEBUG org.apache.poi.openxml4j.opc.PackageRelationshipCollection - Parsing relationship: /_rels/.rels
16:05:08.134 [main] DEBUG org.apache.poi.openxml4j.opc.PackageRelationshipCollection - Parsing relationship: /xl/_rels/workbook.xml.rels
16:05:08.134 [main] DEBUG org.apache.poi.openxml4j.opc.PackageRelationshipCollection - Parsing relationship: /_rels/.rels
16:05:08.139 [main] DEBUG org.apache.poi.openxml4j.opc.PackageRelationshipCollection - Parsing relationship: /xl/_rels/workbook.xml.rels
16:05:08.139 [main] DEBUG org.apache.poi.openxml4j.opc.PackageRelationshipCollection - Parsing relationship: /_rels/.rels
16:05:08.148 [main] DEBUG org.apache.poi.openxml4j.opc.PackageRelationshipCollection - Parsing relationship: /xl/_rels/workbook.xml.rels
16:05:08.148 [main] DEBUG org.apache.poi.openxml4j.opc.PackageRelationshipCollection - Parsing relationship: /_rels/.rels
16:05:08.155 [main] DEBUG org.apache.poi.openxml4j.opc.PackageRelationshipCollection - Parsing relationship: /xl/_rels/workbook.xml.rels
16:05:08.155 [main] DEBUG org.apache.poi.openxml4j.opc.PackageRelationshipCollection - Parsing relationship: /_rels/.rels
16:05:08.161 [main] DEBUG org.apache.poi.openxml4j.opc.PackageRelationshipCollection - Parsing relationship: /xl/_rels/workbook.xml.rels
16:05:08.162 [main] DEBUG org.apache.poi.openxml4j.opc.PackageRelationshipCollection - Parsing relationship: /_rels/.rels
16:05:08.168 [main] DEBUG org.apache.poi.openxml4j.opc.PackageRelationshipCollection - Parsing relationship: /xl/_rels/workbook.xml.rels
16:05:08.168 [main] DEBUG org.apache.poi.openxml4j.opc.PackageRelationshipCollection - Parsing relationship: /_rels/.rels
16:05:08.174 [main] DEBUG org.apache.poi.openxml4j.opc.PackageRelationshipCollection - Parsing relationship: /xl/_rels/workbook.xml.rels
16:05:08.174 [main] DEBUG org.apache.poi.openxml4j.opc.PackageRelationshipCollection - Parsing relationship: /_rels/.rels
16:05:08.180 [main] DEBUG org.apache.poi.openxml4j.opc.PackageRelationshipCollection - Parsing relationship: /xl/_rels/workbook.xml.rels
16:05:08.181 [main] DEBUG org.apache.poi.openxml4j.opc.PackageRelationshipCollection - Parsing relationship: /_rels/.rels
16:05:08.189 [main] DEBUG org.apache.poi.openxml4j.opc.PackageRelationshipCollection - Parsing relationship: /xl/_rels/workbook.xml.rels
16:05:08.189 [main] DEBUG org.apache.poi.openxml4j.opc.PackageRelationshipCollection - Parsing relationship: /_rels/.rels
16:05:08.195 [main] DEBUG org.apache.poi.openxml4j.opc.PackageRelationshipCollection - Parsing relationship: /xl/_rels/workbook.xml.rels
16:05:08.196 [main] DEBUG org.apache.poi.openxml4j.opc.PackageRelationshipCollection - Parsing relationship: /_rels/.rels
16:05:08.201 [main] DEBUG org.apache.poi.openxml4j.opc.PackageRelationshipCollection - Parsing relationship: /xl/_rels/workbook.xml.rels
16:05:08.202 [main] DEBUG org.apache.poi.openxml4j.opc.PackageRelationshipCollection - Parsing relationship: /_rels/.rels
16:05:08.207 [main] DEBUG org.apache.poi.openxml4j.opc.PackageRelationshipCollection - Parsing relationship: /xl/_rels/workbook.xml.rels
16:05:08.207 [main] DEBUG org.apache.poi.openxml4j.opc.PackageRelationshipCollection - Parsing relationship: /_rels/.rels
16:05:08.217 [main] DEBUG org.apache.poi.openxml4j.opc.PackageRelationshipCollection - Parsing relationship: /xl/_rels/workbook.xml.rels
16:05:08.217 [main] DEBUG org.apache.poi.openxml4j.opc.PackageRelationshipCollection - Parsing relationship: /_rels/.rels
16:05:08.224 [main] DEBUG org.apache.poi.openxml4j.opc.PackageRelationshipCollection - Parsing relationship: /xl/_rels/workbook.xml.rels
16:05:08.224 [main] DEBUG org.apache.poi.openxml4j.opc.PackageRelationshipCollection - Parsing relationship: /_rels/.rels
16:05:08.232 [main] DEBUG org.apache.poi.openxml4j.opc.PackageRelationshipCollection - Parsing relationship: /xl/_rels/workbook.xml.rels
16:05:08.232 [main] DEBUG org.apache.poi.openxml4j.opc.PackageRelationshipCollection - Parsing relationship: /_rels/.rels
16:05:08.238 [main] DEBUG org.apache.poi.openxml4j.opc.PackageRelationshipCollection - Parsing relationship: /xl/_rels/workbook.xml.rels
16:05:08.238 [main] DEBUG org.apache.poi.openxml4j.opc.PackageRelationshipCollection - Parsing relationship: /_rels/.rels
16:05:08.244 [main] DEBUG org.apache.poi.openxml4j.opc.PackageRelationshipCollection - Parsing relationship: /xl/_rels/workbook.xml.rels
16:05:08.245 [main] DEBUG org.apache.poi.openxml4j.opc.PackageRelationshipCollection - Parsing relationship: /_rels/.rels
16:05:08.253 [main] DEBUG org.apache.poi.openxml4j.opc.PackageRelationshipCollection - Parsing relationship: /xl/_rels/workbook.xml.rels
16:05:08.253 [main] DEBUG org.apache.poi.openxml4j.opc.PackageRelationshipCollection - Parsing relationship: /_rels/.rels
16:05:08.259 [main] DEBUG org.apache.poi.openxml4j.opc.PackageRelationshipCollection - Parsing relationship: /xl/_rels/workbook.xml.rels
16:05:08.259 [main] DEBUG org.apache.poi.openxml4j.opc.PackageRelationshipCollection - Parsing relationship: /_rels/.rels
16:05:08.264 [main] DEBUG org.apache.poi.openxml4j.opc.PackageRelationshipCollection - Parsing relationship: /xl/_rels/workbook.xml.rels
16:05:08.265 [main] DEBUG org.apache.poi.openxml4j.opc.PackageRelationshipCollection - Parsing relationship: /_rels/.rels
16:05:08.270 [main] DEBUG org.apache.poi.openxml4j.opc.PackageRelationshipCollection - Parsing relationship: /xl/_rels/workbook.xml.rels
16:05:08.270 [main] DEBUG org.apache.poi.openxml4j.opc.PackageRelationshipCollection - Parsing relationship: /_rels/.rels
16:05:08.275 [main] DEBUG org.apache.poi.openxml4j.opc.PackageRelationshipCollection - Parsing relationship: /xl/_rels/workbook.xml.rels
16:05:08.277 [main] DEBUG org.apache.poi.openxml4j.opc.PackageRelationshipCollection - Parsing relationship: /_rels/.rels
16:05:08.283 [main] DEBUG org.apache.poi.openxml4j.opc.PackageRelationshipCollection - Parsing relationship: /xl/_rels/workbook.xml.rels
16:05:08.283 [main] DEBUG org.apache.poi.openxml4j.opc.PackageRelationshipCollection - Parsing relationship: /_rels/.rels
16:05:08.290 [main] DEBUG org.apache.poi.openxml4j.opc.PackageRelationshipCollection - Parsing relationship: /xl/_rels/workbook.xml.rels
16:05:08.291 [main] DEBUG org.apache.poi.openxml4j.opc.PackageRelationshipCollection - Parsing relationship: /_rels/.rels
16:05:08.300 [main] DEBUG org.apache.poi.openxml4j.opc.PackageRelationshipCollection - Parsing relationship: /xl/_rels/workbook.xml.rels
16:05:08.300 [main] DEBUG org.apache.poi.openxml4j.opc.PackageRelationshipCollection - Parsing relationship: /_rels/.rels
16:05:08.306 [main] DEBUG org.apache.poi.openxml4j.opc.PackageRelationshipCollection - Parsing relationship: /xl/_rels/workbook.xml.rels
16:05:08.306 [main] DEBUG org.apache.poi.openxml4j.opc.PackageRelationshipCollection - Parsing relationship: /_rels/.rels
16:05:08.313 [main] DEBUG org.apache.poi.openxml4j.opc.PackageRelationshipCollection - Parsing relationship: /xl/_rels/workbook.xml.rels
16:05:08.313 [main] DEBUG org.apache.poi.openxml4j.opc.PackageRelationshipCollection - Parsing relationship: /_rels/.rels
16:05:08.320 [main] DEBUG org.apache.poi.openxml4j.opc.PackageRelationshipCollection - Parsing relationship: /xl/_rels/workbook.xml.rels
16:05:08.320 [main] DEBUG org.apache.poi.openxml4j.opc.PackageRelationshipCollection - Parsing relationship: /_rels/.rels
16:05:08.325 [main] DEBUG org.apache.poi.openxml4j.opc.PackageRelationshipCollection - Parsing relationship: /xl/_rels/workbook.xml.rels
16:05:08.325 [main] DEBUG org.apache.poi.openxml4j.opc.PackageRelationshipCollection - Parsing relationship: /_rels/.rels
16:05:08.330 [main] DEBUG org.apache.poi.openxml4j.opc.PackageRelationshipCollection - Parsing relationship: /xl/_rels/workbook.xml.rels
16:05:08.331 [main] DEBUG org.apache.poi.openxml4j.opc.PackageRelationshipCollection - Parsing relationship: /_rels/.rels
16:05:08.337 [main] DEBUG org.apache.poi.openxml4j.opc.PackageRelationshipCollection - Parsing relationship: /xl/_rels/workbook.xml.rels
16:05:08.338 [main] DEBUG org.apache.poi.openxml4j.opc.PackageRelationshipCollection - Parsing relationship: /_rels/.rels
16:05:08.345 [main] DEBUG org.apache.poi.openxml4j.opc.PackageRelationshipCollection - Parsing relationship: /xl/_rels/workbook.xml.rels
16:05:08.345 [main] DEBUG org.apache.poi.openxml4j.opc.PackageRelationshipCollection - Parsing relationship: /_rels/.rels
16:05:08.353 [main] DEBUG org.apache.poi.openxml4j.opc.PackageRelationshipCollection - Parsing relationship: /xl/_rels/workbook.xml.rels
16:05:08.353 [main] DEBUG org.apache.poi.openxml4j.opc.PackageRelationshipCollection - Parsing relationship: /_rels/.rels
16:05:08.358 [main] DEBUG org.apache.poi.openxml4j.opc.PackageRelationshipCollection - Parsing relationship: /xl/_rels/workbook.xml.rels
16:05:08.360 [main] DEBUG org.apache.poi.openxml4j.opc.PackageRelationshipCollection - Parsing relationship: /_rels/.rels
16:05:08.364 [main] DEBUG org.apache.poi.openxml4j.opc.PackageRelationshipCollection - Parsing relationship: /xl/_rels/workbook.xml.rels
16:05:08.364 [main] DEBUG org.apache.poi.openxml4j.opc.PackageRelationshipCollection - Parsing relationship: /_rels/.rels
16:05:08.373 [main] DEBUG org.apache.poi.openxml4j.opc.PackageRelationshipCollection - Parsing relationship: /xl/_rels/workbook.xml.rels
16:05:08.373 [main] DEBUG org.apache.poi.openxml4j.opc.PackageRelationshipCollection - Parsing relationship: /_rels/.rels
16:05:08.380 [main] DEBUG org.apache.poi.openxml4j.opc.PackageRelationshipCollection - Parsing relationship: /xl/_rels/workbook.xml.rels
16:05:08.380 [main] DEBUG org.apache.poi.openxml4j.opc.PackageRelationshipCollection - Parsing relationship: /_rels/.rels
16:05:08.387 [main] DEBUG org.apache.poi.openxml4j.opc.PackageRelationshipCollection - Parsing relationship: /xl/_rels/workbook.xml.rels
16:05:08.388 [main] DEBUG org.apache.poi.openxml4j.opc.PackageRelationshipCollection - Parsing relationship: /_rels/.rels
16:05:08.394 [main] DEBUG org.apache.poi.openxml4j.opc.PackageRelationshipCollection - Parsing relationship: /xl/_rels/workbook.xml.rels
16:05:08.394 [main] DEBUG org.apache.poi.openxml4j.opc.PackageRelationshipCollection - Parsing relationship: /_rels/.rels
16:05:08.399 [main] DEBUG org.apache.poi.openxml4j.opc.PackageRelationshipCollection - Parsing relationship: /xl/_rels/workbook.xml.rels
16:05:08.399 [main] DEBUG org.apache.poi.openxml4j.opc.PackageRelationshipCollection - Parsing relationship: /_rels/.rels
16:05:08.405 [main] DEBUG org.apache.poi.openxml4j.opc.PackageRelationshipCollection - Parsing relationship: /xl/_rels/workbook.xml.rels
16:05:08.405 [main] DEBUG org.apache.poi.openxml4j.opc.PackageRelationshipCollection - Parsing relationship: /_rels/.rels
16:05:08.413 [main] DEBUG org.apache.poi.openxml4j.opc.PackageRelationshipCollection - Parsing relationship: /xl/_rels/workbook.xml.rels
16:05:08.413 [main] DEBUG org.apache.poi.openxml4j.opc.PackageRelationshipCollection - Parsing relationship: /_rels/.rels
16:05:08.419 [main] DEBUG org.apache.poi.openxml4j.opc.PackageRelationshipCollection - Parsing relationship: /xl/_rels/workbook.xml.rels
16:05:08.419 [main] DEBUG org.apache.poi.openxml4j.opc.PackageRelationshipCollection - Parsing relationship: /_rels/.rels
16:05:08.424 [main] DEBUG org.apache.poi.openxml4j.opc.PackageRelationshipCollection - Parsing relationship: /xl/_rels/workbook.xml.rels
16:05:08.425 [main] DEBUG org.apache.poi.openxml4j.opc.PackageRelationshipCollection - Parsing relationship: /_rels/.rels
16:05:08.431 [main] DEBUG org.apache.poi.openxml4j.opc.PackageRelationshipCollection - Parsing relationship: /xl/_rels/workbook.xml.rels
16:05:08.432 [main] DEBUG org.apache.poi.openxml4j.opc.PackageRelationshipCollection - Parsing relationship: /_rels/.rels
16:05:08.439 [main] DEBUG org.apache.poi.openxml4j.opc.PackageRelationshipCollection - Parsing relationship: /xl/_rels/workbook.xml.rels
16:05:08.439 [main] DEBUG org.apache.poi.openxml4j.opc.PackageRelationshipCollection - Parsing relationship: /_rels/.rels
16:05:08.445 [main] DEBUG org.apache.poi.openxml4j.opc.PackageRelationshipCollection - Parsing relationship: /xl/_rels/workbook.xml.rels
16:05:08.445 [main] DEBUG org.apache.poi.openxml4j.opc.PackageRelationshipCollection - Parsing relationship: /_rels/.rels
16:05:08.451 [main] DEBUG org.apache.poi.openxml4j.opc.PackageRelationshipCollection - Parsing relationship: /xl/_rels/workbook.xml.rels
16:05:08.451 [main] DEBUG org.apache.poi.openxml4j.opc.PackageRelationshipCollection - Parsing relationship: /_rels/.rels
16:05:08.456 [main] DEBUG org.apache.poi.openxml4j.opc.PackageRelationshipCollection - Parsing relationship: /xl/_rels/workbook.xml.rels
16:05:08.456 [main] DEBUG org.apache.poi.openxml4j.opc.PackageRelationshipCollection - Parsing relationship: /_rels/.rels
16:05:08.462 [main] DEBUG org.apache.poi.openxml4j.opc.PackageRelationshipCollection - Parsing relationship: /xl/_rels/workbook.xml.rels
16:05:08.463 [main] DEBUG org.apache.poi.openxml4j.opc.PackageRelationshipCollection - Parsing relationship: /_rels/.rels
16:05:08.472 [main] DEBUG org.apache.poi.openxml4j.opc.PackageRelationshipCollection - Parsing relationship: /xl/_rels/workbook.xml.rels
16:05:08.473 [main] DEBUG org.apache.poi.openxml4j.opc.PackageRelationshipCollection - Parsing relationship: /_rels/.rels
16:05:08.480 [main] DEBUG org.apache.poi.openxml4j.opc.PackageRelationshipCollection - Parsing relationship: /xl/_rels/workbook.xml.rels
16:05:08.481 [main] DEBUG org.apache.poi.openxml4j.opc.PackageRelationshipCollection - Parsing relationship: /_rels/.rels
16:05:08.486 [main] DEBUG org.apache.poi.openxml4j.opc.PackageRelationshipCollection - Parsing relationship: /xl/_rels/workbook.xml.rels
16:05:08.486 [main] DEBUG org.apache.poi.openxml4j.opc.PackageRelationshipCollection - Parsing relationship: /_rels/.rels
16:05:08.493 [main] DEBUG org.apache.poi.openxml4j.opc.PackageRelationshipCollection - Parsing relationship: /xl/_rels/workbook.xml.rels
16:05:08.493 [main] DEBUG org.apache.poi.openxml4j.opc.PackageRelationshipCollection - Parsing relationship: /_rels/.rels
16:05:08.496 [main] DEBUG org.apache.poi.openxml4j.opc.PackageRelationshipCollection - Parsing relationship: /xl/_rels/workbook.xml.rels
16:05:08.497 [main] DEBUG org.apache.poi.openxml4j.opc.PackageRelationshipCollection - Parsing relationship: /_rels/.rels
16:05:08.502 [main] DEBUG org.apache.poi.openxml4j.opc.PackageRelationshipCollection - Parsing relationship: /xl/_rels/workbook.xml.rels
16:05:08.502 [main] DEBUG org.apache.poi.openxml4j.opc.PackageRelationshipCollection - Parsing relationship: /_rels/.rels
16:05:08.512 [main] DEBUG org.apache.poi.openxml4j.opc.PackageRelationshipCollection - Parsing relationship: /xl/_rels/workbook.xml.rels
16:05:08.513 [main] DEBUG org.apache.poi.openxml4j.opc.PackageRelationshipCollection - Parsing relationship: /_rels/.rels
16:05:08.520 [main] DEBUG org.apache.poi.openxml4j.opc.PackageRelationshipCollection - Parsing relationship: /xl/_rels/workbook.xml.rels
16:05:08.520 [main] DEBUG org.apache.poi.openxml4j.opc.PackageRelationshipCollection - Parsing relationship: /_rels/.rels
16:05:08.527 [main] DEBUG org.apache.poi.openxml4j.opc.PackageRelationshipCollection - Parsing relationship: /xl/_rels/workbook.xml.rels
16:05:08.527 [main] DEBUG org.apache.poi.openxml4j.opc.PackageRelationshipCollection - Parsing relationship: /_rels/.rels
16:05:08.535 [main] DEBUG org.apache.poi.openxml4j.opc.PackageRelationshipCollection - Parsing relationship: /xl/_rels/workbook.xml.rels
16:05:08.536 [main] DEBUG org.apache.poi.openxml4j.opc.PackageRelationshipCollection - Parsing relationship: /_rels/.rels
16:05:08.542 [main] DEBUG org.apache.poi.openxml4j.opc.PackageRelationshipCollection - Parsing relationship: /xl/_rels/workbook.xml.rels
16:05:08.543 [main] DEBUG org.apache.poi.openxml4j.opc.PackageRelationshipCollection - Parsing relationship: /_rels/.rels
16:05:08.549 [main] DEBUG org.apache.poi.openxml4j.opc.PackageRelationshipCollection - Parsing relationship: /xl/_rels/workbook.xml.rels
16:05:08.549 [main] DEBUG org.apache.poi.openxml4j.opc.PackageRelationshipCollection - Parsing relationship: /_rels/.rels
16:05:08.555 [main] DEBUG org.apache.poi.openxml4j.opc.PackageRelationshipCollection - Parsing relationship: /xl/_rels/workbook.xml.rels
16:05:08.555 [main] DEBUG org.apache.poi.openxml4j.opc.PackageRelationshipCollection - Parsing relationship: /_rels/.rels
16:05:08.561 [main] DEBUG org.apache.poi.openxml4j.opc.PackageRelationshipCollection - Parsing relationship: /xl/_rels/workbook.xml.rels
16:05:08.561 [main] DEBUG org.apache.poi.openxml4j.opc.PackageRelationshipCollection - Parsing relationship: /_rels/.rels
16:05:08.568 [main] DEBUG org.apache.poi.openxml4j.opc.PackageRelationshipCollection - Parsing relationship: /xl/_rels/workbook.xml.rels
16:05:08.568 [main] DEBUG org.apache.poi.openxml4j.opc.PackageRelationshipCollection - Parsing relationship: /_rels/.rels
16:05:08.576 [main] DEBUG org.apache.poi.openxml4j.opc.PackageRelationshipCollection - Parsing relationship: /xl/_rels/workbook.xml.rels
16:05:08.577 [main] DEBUG org.apache.poi.openxml4j.opc.PackageRelationshipCollection - Parsing relationship: /_rels/.rels
16:05:08.585 [main] DEBUG org.apache.poi.openxml4j.opc.PackageRelationshipCollection - Parsing relationship: /xl/_rels/workbook.xml.rels
16:05:08.585 [main] DEBUG org.apache.poi.openxml4j.opc.PackageRelationshipCollection - Parsing relationship: /_rels/.rels
16:05:08.596 [main] DEBUG org.apache.poi.openxml4j.opc.PackageRelationshipCollection - Parsing relationship: /xl/_rels/workbook.xml.rels
16:05:08.596 [main] DEBUG org.apache.poi.openxml4j.opc.PackageRelationshipCollection - Parsing relationship: /_rels/.rels
16:05:08.607 [main] DEBUG org.apache.poi.openxml4j.opc.PackageRelationshipCollection - Parsing relationship: /xl/_rels/workbook.xml.rels
16:05:08.607 [main] DEBUG org.apache.poi.openxml4j.opc.PackageRelationshipCollection - Parsing relationship: /_rels/.rels
16:05:08.614 [main] DEBUG org.apache.poi.openxml4j.opc.PackageRelationshipCollection - Parsing relationship: /xl/_rels/workbook.xml.rels
16:05:08.615 [main] DEBUG org.apache.poi.openxml4j.opc.PackageRelationshipCollection - Parsing relationship: /_rels/.rels
16:05:08.622 [main] DEBUG org.apache.poi.openxml4j.opc.PackageRelationshipCollection - Parsing relationship: /xl/_rels/workbook.xml.rels
16:05:08.623 [main] DEBUG org.apache.poi.openxml4j.opc.PackageRelationshipCollection - Parsing relationship: /_rels/.rels
16:05:08.629 [main] DEBUG org.apache.poi.openxml4j.opc.PackageRelationshipCollection - Parsing relationship: /xl/_rels/workbook.xml.rels
16:05:08.630 [main] DEBUG org.apache.poi.openxml4j.opc.PackageRelationshipCollection - Parsing relationship: /_rels/.rels
16:05:08.638 [main] DEBUG org.apache.poi.openxml4j.opc.PackageRelationshipCollection - Parsing relationship: /xl/_rels/workbook.xml.rels
16:05:08.638 [main] DEBUG org.apache.poi.openxml4j.opc.PackageRelationshipCollection - Parsing relationship: /_rels/.rels
16:05:08.645 [main] DEBUG org.apache.poi.openxml4j.opc.PackageRelationshipCollection - Parsing relationship: /xl/_rels/workbook.xml.rels
16:05:08.645 [main] DEBUG org.apache.poi.openxml4j.opc.PackageRelationshipCollection - Parsing relationship: /_rels/.rels
16:05:08.653 [main] DEBUG org.apache.poi.openxml4j.opc.PackageRelationshipCollection - Parsing relationship: /xl/_rels/workbook.xml.rels
16:05:08.654 [main] DEBUG org.apache.poi.openxml4j.opc.PackageRelationshipCollection - Parsing relationship: /_rels/.rels
16:05:08.661 [main] DEBUG org.apache.poi.openxml4j.opc.PackageRelationshipCollection - Parsing relationship: /xl/_rels/workbook.xml.rels
16:05:08.661 [main] DEBUG org.apache.poi.openxml4j.opc.PackageRelationshipCollection - Parsing relationship: /_rels/.rels
16:05:08.667 [main] DEBUG org.apache.poi.openxml4j.opc.PackageRelationshipCollection - Parsing relationship: /xl/_rels/workbook.xml.rels
16:05:08.667 [main] DEBUG org.apache.poi.openxml4j.opc.PackageRelationshipCollection - Parsing relationship: /_rels/.rels
16:05:08.675 [main] DEBUG org.apache.poi.openxml4j.opc.PackageRelationshipCollection - Parsing relationship: /xl/_rels/workbook.xml.rels
16:05:08.675 [main] DEBUG org.apache.poi.openxml4j.opc.PackageRelationshipCollection - Parsing relationship: /_rels/.rels
16:05:08.684 [main] INFO  api.test.StoreTests - ======== Place Order For Pet (DDT) Started ========
16:05:08.685 [main] INFO  api.test.StoreTests - Order Payload: {petId=101, quantity=1, id=10001, shipDate=2026-01-07T10:00:00.000Z, complete=true, status=placed}
16:05:09.948 [main] INFO  api.test.StoreTests - Response Body: {"id":10001,"petId":101,"quantity":1,"shipDate":"2026-01-07T10:00:00.000+0000","status":"placed","complete":true}
16:05:10.308 [main] INFO  api.test.StoreTests - Response time: 1125 ms
16:05:10.308 [main] INFO  api.test.StoreTests - ======== Place Order For Pet (DDT) Completed ========
16:05:10.310 [main] INFO  api.test.StoreTests - ======== Place Order For Pet (DDT) Started ========
16:05:10.310 [main] INFO  api.test.StoreTests - Order Payload: {petId=102, quantity=2, id=10002, shipDate=2026-01-08T12:30:00.000Z, complete=true, status=placed}
16:05:11.452 [main] INFO  api.test.StoreTests - Response Body: {"id":10002,"petId":102,"quantity":2,"shipDate":"2026-01-08T12:30:00.000+0000","status":"placed","complete":true}
16:05:11.498 [main] INFO  api.test.StoreTests - Response time: 1134 ms
16:05:11.498 [main] INFO  api.test.StoreTests - ======== Place Order For Pet (DDT) Completed ========
16:05:11.500 [main] INFO  api.test.StoreTests - ======== Place Order For Pet (DDT) Started ========
16:05:11.500 [main] INFO  api.test.StoreTests - Order Payload: {petId=103, quantity=3, id=10003, shipDate=2026-01-08T12:30:00.000Z, complete=true, status=placed}
16:05:12.551 [main] INFO  api.test.StoreTests - Response Body: {"id":10003,"petId":103,"quantity":3,"shipDate":"2026-01-08T12:30:00.000+0000","status":"placed","complete":true}
16:05:12.594 [main] INFO  api.test.StoreTests - Response time: 1047 ms
16:05:12.594 [main] INFO  api.test.StoreTests - ======== Place Order For Pet (DDT) Completed ========
16:05:12.596 [main] INFO  api.test.StoreTests - ======== Place Order For Pet (DDT) Started ========
16:05:12.596 [main] INFO  api.test.StoreTests - Order Payload: {petId=104, quantity=4, id=10004, shipDate=2026-01-08T12:30:00.000Z, complete=false, status=placed}
16:05:13.722 [main] INFO  api.test.StoreTests - Response Body: {"id":10004,"petId":104,"quantity":4,"shipDate":"2026-01-08T12:30:00.000+0000","status":"placed","complete":false}
16:05:13.766 [main] INFO  api.test.StoreTests - Response time: 1120 ms
16:05:13.766 [main] INFO  api.test.StoreTests - ======== Place Order For Pet (DDT) Completed ========
16:05:13.768 [main] INFO  api.test.StoreTests - ======== Place Order For Pet (DDT) Started ========
16:05:13.768 [main] INFO  api.test.StoreTests - Order Payload: {petId=105, quantity=5, id=10005, shipDate=2026-01-08T12:30:00.000Z, complete=true, status=placed}
16:05:14.850 [main] INFO  api.test.StoreTests - Response Body: {"id":10005,"petId":105,"quantity":5,"shipDate":"2026-01-08T12:30:00.000+0000","status":"placed","complete":true}
16:05:14.891 [main] INFO  api.test.StoreTests - Response time: 1076 ms
16:05:14.891 [main] INFO  api.test.StoreTests - ======== Place Order For Pet (DDT) Completed ========
16:05:14.892 [main] INFO  api.test.StoreTests - ======== Place Order For Pet (DDT) Started ========
16:05:14.892 [main] INFO  api.test.StoreTests - Order Payload: {petId=106, quantity=6, id=10006, shipDate=2026-01-08T12:30:00.000Z, complete=true, status=placed}
16:05:16.007 [main] INFO  api.test.StoreTests - Response Body: {"id":10006,"petId":106,"quantity":6,"shipDate":"2026-01-08T12:30:00.000+0000","status":"placed","complete":true}
16:05:16.054 [main] INFO  api.test.StoreTests - Response time: 1110 ms
16:05:16.054 [main] INFO  api.test.StoreTests - ======== Place Order For Pet (DDT) Completed ========
16:05:16.055 [main] INFO  api.test.StoreTests - ======== Place Order For Pet (DDT) Started ========
16:05:16.055 [main] INFO  api.test.StoreTests - Order Payload: {petId=107, quantity=7, id=10007, shipDate=2026-01-08T12:30:00.000Z, complete=false, status=placed}
16:05:17.241 [main] INFO  api.test.StoreTests - Response Body: {"id":10007,"petId":107,"quantity":7,"shipDate":"2026-01-08T12:30:00.000+0000","status":"placed","complete":false}
16:05:17.281 [main] INFO  api.test.StoreTests - Response time: 1182 ms
16:05:17.281 [main] INFO  api.test.StoreTests - ======== Place Order For Pet (DDT) Completed ========
16:05:17.283 [main] INFO  api.test.StoreTests - ======== Place Order For Pet (DDT) Started ========
16:05:17.283 [main] INFO  api.test.StoreTests - Order Payload: {petId=108, quantity=8, id=10008, shipDate=2026-01-08T12:30:00.000Z, complete=true, status=placed}
16:05:18.472 [main] INFO  api.test.StoreTests - Response Body: {"id":10008,"petId":108,"quantity":8,"shipDate":"2026-01-08T12:30:00.000+0000","status":"placed","complete":true}
16:05:18.510 [main] INFO  api.test.StoreTests - Response time: 1183 ms
16:05:18.511 [main] INFO  api.test.StoreTests - ======== Place Order For Pet (DDT) Completed ========
16:05:18.512 [main] INFO  api.test.StoreTests - ======== Place Order For Pet (DDT) Started ========
16:05:18.512 [main] INFO  api.test.StoreTests - Order Payload: {petId=109, quantity=9, id=10009, shipDate=2026-01-08T12:30:00.000Z, complete=false, status=placed}
16:05:19.716 [main] INFO  api.test.StoreTests - Response Body: {"id":10009,"petId":109,"quantity":9,"shipDate":"2026-01-08T12:30:00.000+0000","status":"placed","complete":false}
16:05:19.754 [main] INFO  api.test.StoreTests - Response time: 1199 ms
16:05:19.754 [main] INFO  api.test.StoreTests - ======== Place Order For Pet (DDT) Completed ========
16:05:19.757 [main] INFO  api.test.StoreTests - ======== Place Order For Pet (DDT) Started ========
16:05:19.757 [main] INFO  api.test.StoreTests - Order Payload: {petId=110, quantity=10, id=10010, shipDate=2026-01-08T12:30:00.000Z, complete=false, status=placed}
16:05:20.853 [main] INFO  api.test.StoreTests - Response Body: {"id":10010,"petId":110,"quantity":10,"shipDate":"2026-01-08T12:30:00.000+0000","status":"placed","complete":false}
16:05:20.911 [main] INFO  api.test.StoreTests - Response time: 1091 ms
16:05:20.911 [main] INFO  api.test.StoreTests - ======== Place Order For Pet (DDT) Completed ========
16:05:20.913 [main] INFO  api.test.StoreTests - ======== Place Order For Pet (DDT) Started ========
16:05:20.913 [main] INFO  api.test.StoreTests - Order Payload: {petId=111, quantity=11, id=10011, shipDate=2026-01-08T12:30:00.000Z, complete=false, status=placed}
16:05:22.066 [main] INFO  api.test.StoreTests - Response Body: {"id":10011,"petId":111,"quantity":11,"shipDate":"2026-01-08T12:30:00.000+0000","status":"placed","complete":false}
16:05:22.101 [main] INFO  api.test.StoreTests - Response time: 1150 ms
16:05:22.101 [main] INFO  api.test.StoreTests - ======== Place Order For Pet (DDT) Completed ========
16:05:22.103 [main] INFO  api.test.StoreTests - ======== Place Order For Pet (DDT) Started ========
16:05:22.103 [main] INFO  api.test.StoreTests - Order Payload: {petId=112, quantity=12, id=10012, shipDate=2026-01-08T12:30:00.000Z, complete=true, status=placed}
16:05:23.254 [main] INFO  api.test.StoreTests - Response Body: {"id":10012,"petId":112,"quantity":12,"shipDate":"2026-01-08T12:30:00.000+0000","status":"placed","complete":true}
16:05:23.292 [main] INFO  api.test.StoreTests - Response time: 1146 ms
16:05:23.292 [main] INFO  api.test.StoreTests - ======== Place Order For Pet (DDT) Completed ========
16:05:23.293 [main] INFO  api.test.StoreTests - ======== Place Order For Pet (DDT) Started ========
16:05:23.294 [main] INFO  api.test.StoreTests - Order Payload: {petId=113, quantity=13, id=10013, shipDate=2026-01-08T12:30:00.000Z, complete=false, status=placed}
16:05:24.508 [main] INFO  api.test.StoreTests - Response Body: {"id":10013,"petId":113,"quantity":13,"shipDate":"2026-01-08T12:30:00.000+0000","status":"placed","complete":false}
16:05:24.547 [main] INFO  api.test.StoreTests - Response time: 1210 ms
16:05:24.547 [main] INFO  api.test.StoreTests - ======== Place Order For Pet (DDT) Completed ========
16:05:24.548 [main] INFO  api.test.StoreTests - ======== Place Order For Pet (DDT) Started ========
16:05:24.548 [main] INFO  api.test.StoreTests - Order Payload: {petId=114, quantity=14, id=10014, shipDate=2026-01-08T12:30:00.000Z, complete=true, status=placed}
16:05:25.846 [main] INFO  api.test.StoreTests - Response Body: {"id":10014,"petId":114,"quantity":14,"shipDate":"2026-01-08T12:30:00.000+0000","status":"placed","complete":true}
16:05:25.882 [main] INFO  api.test.StoreTests - Response time: 1293 ms
16:05:25.882 [main] INFO  api.test.StoreTests - ======== Place Order For Pet (DDT) Completed ========
16:05:25.884 [main] INFO  api.test.StoreTests - ======== Place Order For Pet (DDT) Started ========
16:05:25.884 [main] INFO  api.test.StoreTests - Order Payload: {petId=115, quantity=15, id=10015, shipDate=2026-01-08T12:30:00.000Z, complete=false, status=placed}
16:05:27.103 [main] INFO  api.test.StoreTests - Response Body: {"id":10015,"petId":115,"quantity":15,"shipDate":"2026-01-08T12:30:00.000+0000","status":"placed","complete":false}
16:05:27.145 [main] INFO  api.test.StoreTests - Response time: 1215 ms
16:05:27.145 [main] INFO  api.test.StoreTests - ======== Place Order For Pet (DDT) Completed ========
16:05:27.146 [main] INFO  api.test.StoreTests - ======== Place Order For Pet (DDT) Started ========
16:05:27.147 [main] INFO  api.test.StoreTests - Order Payload: {petId=116, quantity=16, id=10016, shipDate=2026-01-08T12:30:00.000Z, complete=true, status=placed}
16:05:28.231 [main] INFO  api.test.StoreTests - Response Body: {"id":10016,"petId":116,"quantity":16,"shipDate":"2026-01-08T12:30:00.000+0000","status":"placed","complete":true}
16:05:28.272 [main] INFO  api.test.StoreTests - Response time: 1080 ms
16:05:28.272 [main] INFO  api.test.StoreTests - ======== Place Order For Pet (DDT) Completed ========
16:05:28.274 [main] INFO  api.test.StoreTests - ======== Place Order For Pet (DDT) Started ========
16:05:28.274 [main] INFO  api.test.StoreTests - Order Payload: {petId=117, quantity=17, id=10017, shipDate=2026-01-08T12:30:00.000Z, complete=true, status=placed}
16:05:29.333 [main] INFO  api.test.StoreTests - Response Body: {"id":10017,"petId":117,"quantity":17,"shipDate":"2026-01-08T12:30:00.000+0000","status":"placed","complete":true}
16:05:29.372 [main] INFO  api.test.StoreTests - Response time: 1055 ms
16:05:29.372 [main] INFO  api.test.StoreTests - ======== Place Order For Pet (DDT) Completed ========
16:05:29.373 [main] INFO  api.test.StoreTests - ======== Place Order For Pet (DDT) Started ========
16:05:29.373 [main] INFO  api.test.StoreTests - Order Payload: {petId=118, quantity=18, id=10018, shipDate=2026-01-08T12:30:00.000Z, complete=true, status=placed}
16:05:30.495 [main] INFO  api.test.StoreTests - Response Body: {"id":10018,"petId":118,"quantity":18,"shipDate":"2026-01-08T12:30:00.000+0000","status":"placed","complete":true}
16:05:30.538 [main] INFO  api.test.StoreTests - Response time: 1118 ms
16:05:30.540 [main] INFO  api.test.StoreTests - ======== Place Order For Pet (DDT) Completed ========
16:05:30.541 [main] INFO  api.test.StoreTests - ======== Place Order For Pet (DDT) Started ========
16:05:30.541 [main] INFO  api.test.StoreTests - Order Payload: {petId=119, quantity=19, id=10019, shipDate=2026-01-08T12:30:00.000Z, complete=true, status=placed}
16:05:32.208 [main] INFO  api.test.StoreTests - Response Body: {"id":10019,"petId":119,"quantity":19,"shipDate":"2026-01-08T12:30:00.000+0000","status":"placed","complete":true}
16:05:32.257 [main] INFO  api.test.StoreTests - Response time: 1664 ms
16:05:32.257 [main] INFO  api.test.StoreTests - ======== Place Order For Pet (DDT) Completed ========
16:05:32.258 [main] INFO  api.test.StoreTests - ======== Place Order For Pet (DDT) Started ========
16:05:32.258 [main] INFO  api.test.StoreTests - Order Payload: {petId=120, quantity=20, id=10020, shipDate=2026-01-08T12:30:00.000Z, complete=true, status=placed}
16:05:33.496 [main] INFO  api.test.StoreTests - Response Body: {"id":10020,"petId":120,"quantity":20,"shipDate":"2026-01-08T12:30:00.000+0000","status":"placed","complete":true}
16:05:33.542 [main] INFO  api.test.StoreTests - Response time: 1232 ms
16:05:33.542 [main] INFO  api.test.StoreTests - ======== Place Order For Pet (DDT) Completed ========
16:05:33.544 [main] INFO  api.test.StoreTests - ======== Place Order For Pet (DDT) Started ========
16:05:33.544 [main] INFO  api.test.StoreTests - Order Payload: {petId=121, quantity=21, id=10021, shipDate=2026-01-08T12:30:00.000Z, complete=true, status=placed}
16:05:34.639 [main] INFO  api.test.StoreTests - Response Body: {"id":10021,"petId":121,"quantity":21,"shipDate":"2026-01-08T12:30:00.000+0000","status":"placed","complete":true}
16:05:34.674 [main] INFO  api.test.StoreTests - Response time: 1093 ms
16:05:34.674 [main] INFO  api.test.StoreTests - ======== Place Order For Pet (DDT) Completed ========
16:05:34.675 [main] INFO  api.test.StoreTests - ======== Place Order For Pet (DDT) Started ========
16:05:34.676 [main] INFO  api.test.StoreTests - Order Payload: {petId=122, quantity=22, id=10022, shipDate=2026-01-08T12:30:00.000Z, complete=true, status=placed}
16:05:35.757 [main] INFO  api.test.StoreTests - Response Body: {"id":10022,"petId":122,"quantity":22,"shipDate":"2026-01-08T12:30:00.000+0000","status":"placed","complete":true}
16:05:35.790 [main] INFO  api.test.StoreTests - Response time: 1075 ms
16:05:35.790 [main] INFO  api.test.StoreTests - ======== Place Order For Pet (DDT) Completed ========
16:05:35.791 [main] INFO  api.test.StoreTests - ======== Place Order For Pet (DDT) Started ========
16:05:35.792 [main] INFO  api.test.StoreTests - Order Payload: {petId=123, quantity=23, id=10023, shipDate=2026-01-08T12:30:00.000Z, complete=true, status=placed}
16:05:36.941 [main] INFO  api.test.StoreTests - Response Body: {"id":10023,"petId":123,"quantity":23,"shipDate":"2026-01-08T12:30:00.000+0000","status":"placed","complete":true}
16:05:36.976 [main] INFO  api.test.StoreTests - Response time: 1146 ms
16:05:36.976 [main] INFO  api.test.StoreTests - ======== Place Order For Pet (DDT) Completed ========
16:05:36.977 [main] INFO  api.test.StoreTests - ======== Place Order For Pet (DDT) Started ========
16:05:36.977 [main] INFO  api.test.StoreTests - Order Payload: {petId=124, quantity=24, id=10024, shipDate=2026-01-08T12:30:00.000Z, complete=true, status=placed}
16:05:38.094 [main] INFO  api.test.StoreTests - Response Body: {"id":10024,"petId":124,"quantity":24,"shipDate":"2026-01-08T12:30:00.000+0000","status":"placed","complete":true}
16:05:38.126 [main] INFO  api.test.StoreTests - Response time: 1113 ms
16:05:38.126 [main] INFO  api.test.StoreTests - ======== Place Order For Pet (DDT) Completed ========
16:05:38.126 [main] INFO  api.test.StoreTests - ======== Place Order For Pet (DDT) Started ========
16:05:38.126 [main] INFO  api.test.StoreTests - Order Payload: {petId=125, quantity=25, id=10025, shipDate=2026-01-08T12:30:00.000Z, complete=false, status=placed}
16:05:39.513 [main] INFO  api.test.StoreTests - Response Body: {"id":10025,"petId":125,"quantity":25,"shipDate":"2026-01-08T12:30:00.000+0000","status":"placed","complete":false}
16:05:39.549 [main] INFO  api.test.StoreTests - Response time: 1381 ms
16:05:39.549 [main] INFO  api.test.StoreTests - ======== Place Order For Pet (DDT) Completed ========
16:05:39.550 [main] INFO  api.test.StoreTests - ======== Place Order For Pet (DDT) Started ========
16:05:39.550 [main] INFO  api.test.StoreTests - Order Payload: {petId=126, quantity=26, id=10026, shipDate=2026-01-08T12:30:00.000Z, complete=true, status=placed}
16:05:40.671 [main] INFO  api.test.StoreTests - Response Body: {"id":10026,"petId":126,"quantity":26,"shipDate":"2026-01-08T12:30:00.000+0000","status":"placed","complete":true}
16:05:40.703 [main] INFO  api.test.StoreTests - Response time: 1118 ms
16:05:40.703 [main] INFO  api.test.StoreTests - ======== Place Order For Pet (DDT) Completed ========
16:05:40.704 [main] INFO  api.test.StoreTests - ======== Place Order For Pet (DDT) Started ========
16:05:40.704 [main] INFO  api.test.StoreTests - Order Payload: {petId=127, quantity=27, id=10027, shipDate=2026-01-08T12:30:00.000Z, complete=true, status=placed}
16:05:41.949 [main] INFO  api.test.StoreTests - Response Body: {"id":10027,"petId":127,"quantity":27,"shipDate":"2026-01-08T12:30:00.000+0000","status":"placed","complete":true}
16:05:41.979 [main] INFO  api.test.StoreTests - Response time: 1243 ms
16:05:41.981 [main] INFO  api.test.StoreTests - ======== Place Order For Pet (DDT) Completed ========
16:05:41.982 [main] INFO  api.test.StoreTests - ======== Place Order For Pet (DDT) Started ========
16:05:41.982 [main] INFO  api.test.StoreTests - Order Payload: {petId=128, quantity=28, id=10028, shipDate=2026-01-08T12:30:00.000Z, complete=false, status=placed}
16:05:43.169 [main] INFO  api.test.StoreTests - Response Body: {"id":10028,"petId":128,"quantity":28,"shipDate":"2026-01-08T12:30:00.000+0000","status":"placed","complete":false}
16:05:43.213 [main] INFO  api.test.StoreTests - Response time: 1184 ms
16:05:43.213 [main] INFO  api.test.StoreTests - ======== Place Order For Pet (DDT) Completed ========
16:05:43.214 [main] INFO  api.test.StoreTests - ======== Place Order For Pet (DDT) Started ========
16:05:43.214 [main] INFO  api.test.StoreTests - Order Payload: {petId=129, quantity=29, id=10029, shipDate=2026-01-08T12:30:00.000Z, complete=true, status=placed}
16:05:46.293 [main] INFO  api.test.StoreTests - Response Body: {"id":10029,"petId":129,"quantity":29,"shipDate":"2026-01-08T12:30:00.000+0000","status":"placed","complete":true}
16:05:46.325 [main] INFO  api.test.StoreTests - Response time: 3074 ms
16:05:46.325 [main] WARN  api.test.StoreTests - Order API response is slow: 3074 ms
16:05:46.325 [main] INFO  api.test.StoreTests - ======== Place Order For Pet (DDT) Completed ========
16:05:46.326 [main] INFO  api.test.StoreTests - ======== Place Order For Pet (DDT) Started ========
16:05:46.328 [main] INFO  api.test.StoreTests - Order Payload: {petId=130, quantity=30, id=10030, shipDate=2026-01-08T12:30:00.000Z, complete=true, status=placed}
16:05:48.119 [main] INFO  api.test.StoreTests - Response Body: {"id":10030,"petId":130,"quantity":30,"shipDate":"2026-01-08T12:30:00.000+0000","status":"placed","complete":true}
16:05:48.158 [main] INFO  api.test.StoreTests - Response time: 1780 ms
16:05:48.158 [main] INFO  api.test.StoreTests - ======== Place Order For Pet (DDT) Completed ========
16:48:37.378 [main] DEBUG org.apache.poi.openxml4j.opc.PackageRelationshipCollection - Parsing relationship: /xl/_rels/workbook.xml.rels
16:48:37.382 [main] DEBUG org.apache.poi.openxml4j.opc.PackageRelationshipCollection - Parsing relationship: /_rels/.rels
16:48:37.752 [main] DEBUG org.apache.poi.openxml4j.opc.PackageRelationshipCollection - Parsing relationship: /xl/_rels/workbook.xml.rels
16:48:37.753 [main] DEBUG org.apache.poi.openxml4j.opc.PackageRelationshipCollection - Parsing relationship: /_rels/.rels
16:48:37.776 [main] DEBUG org.apache.poi.openxml4j.opc.PackageRelationshipCollection - Parsing relationship: /xl/_rels/workbook.xml.rels
16:48:37.777 [main] DEBUG org.apache.poi.openxml4j.opc.PackageRelationshipCollection - Parsing relationship: /_rels/.rels
16:48:37.810 [main] DEBUG org.apache.poi.openxml4j.opc.PackageRelationshipCollection - Parsing relationship: /xl/_rels/workbook.xml.rels
16:48:37.811 [main] DEBUG org.apache.poi.openxml4j.opc.PackageRelationshipCollection - Parsing relationship: /_rels/.rels
16:48:37.826 [main] DEBUG org.apache.poi.openxml4j.opc.PackageRelationshipCollection - Parsing relationship: /xl/_rels/workbook.xml.rels
16:48:37.827 [main] DEBUG org.apache.poi.openxml4j.opc.PackageRelationshipCollection - Parsing relationship: /_rels/.rels
16:48:37.842 [main] DEBUG org.apache.poi.openxml4j.opc.PackageRelationshipCollection - Parsing relationship: /xl/_rels/workbook.xml.rels
16:48:37.843 [main] DEBUG org.apache.poi.openxml4j.opc.PackageRelationshipCollection - Parsing relationship: /_rels/.rels
16:48:37.860 [main] DEBUG org.apache.poi.openxml4j.opc.PackageRelationshipCollection - Parsing relationship: /xl/_rels/workbook.xml.rels
16:48:37.860 [main] DEBUG org.apache.poi.openxml4j.opc.PackageRelationshipCollection - Parsing relationship: /_rels/.rels
16:48:37.874 [main] DEBUG org.apache.poi.openxml4j.opc.PackageRelationshipCollection - Parsing relationship: /xl/_rels/workbook.xml.rels
16:48:37.875 [main] DEBUG org.apache.poi.openxml4j.opc.PackageRelationshipCollection - Parsing relationship: /_rels/.rels
